###############################################################################
#
# IAR ELF Linker V7.40.3.8902/W32 for ARM                 22/Sep/2015  22:46:00
# Copyright 2007-2015 IAR Systems AB.
#
#    Output file  =  
#        H:\Project\GitHub\STM32F0\STM32F0308-Discovery_FW_V1.0.1\Projects\Peripheral_Examples\TIM_TimeBase\EWARM\TIM_TimeBase\Exe\TIM_TimeBase.out
#    Map file     =  
#        H:\Project\GitHub\STM32F0\STM32F0308-Discovery_FW_V1.0.1\Projects\Peripheral_Examples\TIM_TimeBase\EWARM\TIM_TimeBase\List\TIM_TimeBase.map
#    Command line =  
#        H:\Project\GitHub\STM32F0\STM32F0308-Discovery_FW_V1.0.1\Projects\Peripheral_Examples\TIM_TimeBase\EWARM\TIM_TimeBase\Obj\main.o
#        H:\Project\GitHub\STM32F0\STM32F0308-Discovery_FW_V1.0.1\Projects\Peripheral_Examples\TIM_TimeBase\EWARM\TIM_TimeBase\Obj\startup_stm32f030x8.o
#        H:\Project\GitHub\STM32F0\STM32F0308-Discovery_FW_V1.0.1\Projects\Peripheral_Examples\TIM_TimeBase\EWARM\TIM_TimeBase\Obj\stm32f0308_discovery.o
#        H:\Project\GitHub\STM32F0\STM32F0308-Discovery_FW_V1.0.1\Projects\Peripheral_Examples\TIM_TimeBase\EWARM\TIM_TimeBase\Obj\stm32f0xx_gpio.o
#        H:\Project\GitHub\STM32F0\STM32F0308-Discovery_FW_V1.0.1\Projects\Peripheral_Examples\TIM_TimeBase\EWARM\TIM_TimeBase\Obj\stm32f0xx_it.o
#        H:\Project\GitHub\STM32F0\STM32F0308-Discovery_FW_V1.0.1\Projects\Peripheral_Examples\TIM_TimeBase\EWARM\TIM_TimeBase\Obj\stm32f0xx_misc.o
#        H:\Project\GitHub\STM32F0\STM32F0308-Discovery_FW_V1.0.1\Projects\Peripheral_Examples\TIM_TimeBase\EWARM\TIM_TimeBase\Obj\stm32f0xx_rcc.o
#        H:\Project\GitHub\STM32F0\STM32F0308-Discovery_FW_V1.0.1\Projects\Peripheral_Examples\TIM_TimeBase\EWARM\TIM_TimeBase\Obj\stm32f0xx_tim.o
#        H:\Project\GitHub\STM32F0\STM32F0308-Discovery_FW_V1.0.1\Projects\Peripheral_Examples\TIM_TimeBase\EWARM\TIM_TimeBase\Obj\system_stm32f0xx.o
#        --redirect _Printf=_PrintfSmall --redirect _Scanf=_ScanfSmall -o
#        H:\Project\GitHub\STM32F0\STM32F0308-Discovery_FW_V1.0.1\Projects\Peripheral_Examples\TIM_TimeBase\EWARM\TIM_TimeBase\Exe\TIM_TimeBase.out
#        --map
#        H:\Project\GitHub\STM32F0\STM32F0308-Discovery_FW_V1.0.1\Projects\Peripheral_Examples\TIM_TimeBase\EWARM\TIM_TimeBase\List\TIM_TimeBase.map
#        --config
#        H:\Project\GitHub\STM32F0\STM32F0308-Discovery_FW_V1.0.1\Projects\Peripheral_Examples\TIM_TimeBase\EWARM\stm32f0xx_flash.icf
#        --semihosting --entry __iar_program_start --vfe
#
###############################################################################

*******************************************************************************
*** RUNTIME MODEL ATTRIBUTES
***

CppFlavor       = *
__SystemLibrary = DLib


*******************************************************************************
*** PLACEMENT SUMMARY
***

"A1":  place at 0x08000000 { ro section .intvec };
"P1":  place in [from 0x08000000 to 0x0800ffff] { ro };
"P2":  place in [from 0x20000000 to 0x20001fff] { rw, block CSTACK, block HEAP };

  Section            Kind        Address   Size  Object
  -------            ----        -------   ----  ------
"A1":                                      0xc0
  .intvec            ro code  0x08000000   0xc0  startup_stm32f030x8.o [1]
                            - 0x080000c0   0xc0

"P1":                                     0xd84
  .text              ro code  0x080000c0  0x4ac  main.o [1]
  .text              ro code  0x0800056c  0x1ea  stm32f0xx_tim.o [1]
  .text              ro code  0x08000756   0xae  I32DivModFast.o [4]
  .text              ro code  0x08000804   0x70  stm32f0308_discovery.o [1]
  .text              ro code  0x08000874   0x48  stm32f0xx_rcc.o [1]
  .text              ro code  0x080008bc   0x54  stm32f0xx_misc.o [1]
  .text              ro code  0x08000910    0x2  IntDivZer.o [4]
  .text              ro code  0x08000912    0x2  startup_stm32f030x8.o [1]
  .text              ro code  0x08000914   0x6a  stm32f0xx_gpio.o [1]
  .text              ro code  0x0800097e    0x2  startup_stm32f030x8.o [1]
  .text              ro code  0x08000980  0x2b0  stm32f0xx_it.o [1]
  .text              ro code  0x08000c30   0xb4  system_stm32f0xx.o [1]
  .text              ro code  0x08000ce4   0x30  copy_init3.o [4]
  .text              ro code  0x08000d14   0x28  data_init.o [4]
  .iar.init_table    const    0x08000d3c   0x14  - Linker created -
  .text              ro code  0x08000d50   0x1a  cmain.o [4]
  .text              ro code  0x08000d6a    0x4  low_level_init.o [3]
  .text              ro code  0x08000d6e    0x8  exit.o [3]
  .text              ro code  0x08000d76    0x2  startup_stm32f030x8.o [1]
  .text              ro code  0x08000d78    0xa  cexit.o [4]
  .text              ro code  0x08000d82    0x2  startup_stm32f030x8.o [1]
  .text              ro code  0x08000d84   0x14  exit.o [5]
  .text              ro code  0x08000d98   0x10  startup_stm32f030x8.o [1]
  .text              ro code  0x08000da8    0xc  cstartup_M.o [4]
  .text              ro code  0x08000db4    0x2  startup_stm32f030x8.o [1]
  .text              ro code  0x08000db6    0x2  startup_stm32f030x8.o [1]
  .text              ro code  0x08000db8    0x2  startup_stm32f030x8.o [1]
  .text              ro code  0x08000dba    0x2  startup_stm32f030x8.o [1]
  .text              ro code  0x08000dbc    0x2  startup_stm32f030x8.o [1]
  .text              ro code  0x08000dbe    0x2  startup_stm32f030x8.o [1]
  .text              ro code  0x08000dc0    0x2  startup_stm32f030x8.o [1]
  .text              ro code  0x08000dc2    0x2  startup_stm32f030x8.o [1]
  .text              ro code  0x08000dc4    0x2  startup_stm32f030x8.o [1]
  .text              ro code  0x08000dc6    0x2  startup_stm32f030x8.o [1]
  .text              ro code  0x08000dc8    0x2  startup_stm32f030x8.o [1]
  .text              ro code  0x08000dca    0x2  startup_stm32f030x8.o [1]
  .text              ro code  0x08000dcc    0x2  startup_stm32f030x8.o [1]
  .text              ro code  0x08000dce    0x2  startup_stm32f030x8.o [1]
  .text              ro code  0x08000dd0    0x2  startup_stm32f030x8.o [1]
  .text              ro code  0x08000dd2    0x2  startup_stm32f030x8.o [1]
  .text              ro code  0x08000dd4    0x2  startup_stm32f030x8.o [1]
  .text              ro code  0x08000dd6    0x2  startup_stm32f030x8.o [1]
  .text              ro code  0x08000dd8    0x2  startup_stm32f030x8.o [1]
  .text              ro code  0x08000dda    0x2  startup_stm32f030x8.o [1]
  .text              ro code  0x08000ddc    0x2  startup_stm32f030x8.o [1]
  .text              ro code  0x08000dde    0x2  startup_stm32f030x8.o [1]
  .rodata            const    0x08000de0    0x0  copy_init3.o [4]
  Initializer bytes  const    0x08000de0   0x64  <for P2 s0>
                            - 0x08000e44  0xd84

"P2":                                     0x468
  P2 s0                       0x20000000   0x64  <Init block>
    .data            inited   0x20000000   0x20  stm32f0xx_it.o [1]
    .bss             inited   0x20000020   0x18  main.o [1]
    .data            inited   0x20000038   0x14  system_stm32f0xx.o [1]
    .data            inited   0x2000004c    0xc  stm32f0308_discovery.o [1]
    .data            inited   0x20000058    0x6  main.o [1]
    .bss             inited   0x20000060    0x4  main.o [1]
  CSTACK                      0x20000068  0x400  <Block>
    CSTACK           uninit   0x20000068  0x400  <Block tail>
                            - 0x20000468  0x468


*******************************************************************************
*** INIT TABLE
***

          Address     Size
          -------     ----
Copy (__iar_copy_init3)
    1 source range, total size 0x64:
          0x08000de0  0x64
    1 destination range, total size 0x64:
          0x20000000  0x64



*******************************************************************************
*** MODULE SUMMARY
***

    Module                  ro code  ro data  rw data
    ------                  -------  -------  -------
H:\Project\GitHub\STM32F0\STM32F0308-Discovery_FW_V1.0.1\Projects\Peripheral_Examples\TIM_TimeBase\EWARM\TIM_TimeBase\Obj: [1]
    main.o                    1 196       36       34
    startup_stm32f030x8.o       260
    stm32f0308_discovery.o      112       12       12
    stm32f0xx_gpio.o            106
    stm32f0xx_it.o              688       32       32
    stm32f0xx_misc.o             84
    stm32f0xx_rcc.o              72
    stm32f0xx_tim.o             490
    system_stm32f0xx.o          180       20       20
    -------------------------------------------------
    Total:                    3 188      100       98

command line: [2]
    -------------------------------------------------
    Total:

dl6M_tln.a: [3]
    exit.o                        8
    low_level_init.o              4
    -------------------------------------------------
    Total:                       12

rt6M_tl.a: [4]
    I32DivModFast.o             174
    IntDivZer.o                   2
    cexit.o                      10
    cmain.o                      26
    copy_init3.o                 48
    cstartup_M.o                 12
    data_init.o                  40
    -------------------------------------------------
    Total:                      312

shb_l.a: [5]
    exit.o                       20
    -------------------------------------------------
    Total:                       20

    Gaps                                            2
    Linker created                        20    1 024
-----------------------------------------------------
    Grand Total:              3 532      120    1 124


*******************************************************************************
*** ENTRY LIST
***

Entry                      Address   Size  Type      Object
-----                      -------   ----  ----      ------
.iar.init_table$$Base   0x08000d3c          --   Gb  - Linker created -
.iar.init_table$$Limit  0x08000d50          --   Gb  - Linker created -
?main                   0x08000d51         Code  Gb  cmain.o [4]
AHBPrescTable           0x20000038   0x10  Data  Gb  system_stm32f0xx.o [1]
BreathingLed            0x080002b9   0xba  Code  Gb  main.o [1]
CCR1_Val                0x2000005a    0x2  Data  Gb  main.o [1]
CCR3_Val                0x20000058    0x2  Data  Gb  main.o [1]
CSTACK$$Base            0x20000068          --   Gb  - Linker created -
CSTACK$$Limit           0x20000468          --   Gb  - Linker created -
ChangeLEDColor          0x080001a3   0xe0  Code  Gb  main.o [1]
Delay                   0x080000c1   0x12  Code  Gb  main.o [1]
GPIO_CLK                0x08000868    0xc  Data  Gb  stm32f0308_discovery.o [1]
GPIO_Init               0x08000915   0x6a  Code  Gb  stm32f0xx_gpio.o [1]
GPIO_PIN                0x08000860    0x8  Data  Gb  stm32f0308_discovery.o [1]
GPIO_PORT               0x2000004c    0xc  Data  Gb  stm32f0308_discovery.o [1]
HardFault_Handler       0x08000983    0x2  Code  Gb  stm32f0xx_it.o [1]
LEDStripe_init          0x080000e3   0xc0  Code  Gb  main.o [1]
Led_data                0x20000008    0x4  Data  Gb  stm32f0xx_it.o [1]
Led_data2               0x20000010    0x4  Data  Gb  stm32f0xx_it.o [1]
Led_data3               0x20000018    0x4  Data  Gb  stm32f0xx_it.o [1]
NMI_Handler             0x08000981    0x2  Code  Gb  stm32f0xx_it.o [1]
NVIC_Init               0x080008bd   0x46  Code  Gb  stm32f0xx_misc.o [1]
PendSV_Handler          0x08000987    0x2  Code  Gb  stm32f0xx_it.o [1]
PrescalerValue          0x2000005c    0x2  Data  Gb  main.o [1]
RCC_AHBPeriphClockCmd   0x08000875   0x14  Code  Gb  stm32f0xx_rcc.o [1]
RCC_APB1PeriphClockCmd  0x0800089d   0x14  Code  Gb  stm32f0xx_rcc.o [1]
RCC_APB2PeriphClockCmd  0x08000889   0x14  Code  Gb  stm32f0xx_rcc.o [1]
Region$$Table$$Base     0x08000d3c          --   Gb  - Linker created -
Region$$Table$$Limit    0x08000d50          --   Gb  - Linker created -
STM_EVAL_LEDInit        0x08000805   0x36  Code  Gb  stm32f0308_discovery.o [1]
STM_EVAL_LEDOff         0x0800084d   0x10  Code  Gb  stm32f0308_discovery.o [1]
STM_EVAL_LEDOn          0x0800083d   0x10  Code  Gb  stm32f0308_discovery.o [1]
SVC_Handler             0x08000985    0x2  Code  Gb  stm32f0xx_it.o [1]
SysTick_Handler         0x08000989    0x8  Code  Gb  stm32f0xx_it.o [1]
SystemCoreClock         0x20000048    0x4  Data  Gb  system_stm32f0xx.o [1]
SystemInit              0x08000c31   0x98  Code  Gb  system_stm32f0xx.o [1]
TIM16_IRQHandler        0x08000991   0xd8  Code  Gb  stm32f0xx_it.o [1]
TIM17_IRQHandler        0x08000a69   0xd8  Code  Gb  stm32f0xx_it.o [1]
TIM3_IRQHandler         0x08000b41   0xd8  Code  Gb  stm32f0xx_it.o [1]
TIM_ClearITPendingBit   0x08000751    0x6  Code  Gb  stm32f0xx_tim.o [1]
TIM_Cmd                 0x080005cb   0x14  Code  Gb  stm32f0xx_tim.o [1]
TIM_Config              0x080003f5  0x14e  Code  Lc  main.o [1]
TIM_GetCapture1         0x08000721    0x4  Code  Gb  stm32f0xx_tim.o [1]
TIM_GetCapture3         0x08000725    0x4  Code  Gb  stm32f0xx_tim.o [1]
TIM_GetITStatus         0x0800073b   0x16  Code  Gb  stm32f0xx_tim.o [1]
TIM_ITConfig            0x08000729   0x12  Code  Gb  stm32f0xx_tim.o [1]
TIM_OC1Init             0x080005df   0x64  Code  Gb  stm32f0xx_tim.o [1]
TIM_OC1PreloadConfig    0x080006c9    0x8  Code  Gb  stm32f0xx_tim.o [1]
TIM_OC3Init             0x08000661   0x5a  Code  Gb  stm32f0xx_tim.o [1]
TIM_OC3PreloadConfig    0x080006df    0x8  Code  Gb  stm32f0xx_tim.o [1]
TIM_PrescalerConfig     0x080005c5    0x6  Code  Gb  stm32f0xx_tim.o [1]
TIM_SetCompare1         0x080006c1    0x4  Code  Gb  stm32f0xx_tim.o [1]
TIM_SetCompare3         0x080006c5    0x4  Code  Gb  stm32f0xx_tim.o [1]
TIM_TimeBaseInit        0x0800056d   0x58  Code  Gb  stm32f0xx_tim.o [1]
TimingDelay             0x20000060    0x4  Data  Lc  main.o [1]
TimingDelay_Decrement   0x080000d3   0x10  Code  Gb  main.o [1]
__ICFEDIT_region_RAM_end__ {Abs}
                        0x20001fff          --   Gb  command line/config [2]
__ICFEDIT_region_RAM_start__ {Abs}
                        0x20000000          --   Gb  command line/config [2]
__aeabi_idiv0           0x08000911         Code  Gb  IntDivZer.o [4]
__aeabi_uidiv           0x08000757         Code  Gb  I32DivModFast.o [4]
__aeabi_uidivmod        0x08000757         Code  Gb  I32DivModFast.o [4]
__cmain                 0x08000d51         Code  Gb  cmain.o [4]
__exit                  0x08000d85   0x14  Code  Gb  exit.o [5]
__iar_copy_init3        0x08000ce5   0x30  Code  Gb  copy_init3.o [4]
__iar_data_init3        0x08000d15   0x28  Code  Gb  data_init.o [4]
__iar_program_start     0x08000da9         Code  Gb  cstartup_M.o [4]
__low_level_init        0x08000d6b    0x4  Code  Gb  low_level_init.o [3]
__vector_table          0x08000000         Data  Gb  startup_stm32f030x8.o [1]
_call_main              0x08000d5d         Code  Gb  cmain.o [4]
_exit                   0x08000d79         Code  Gb  cexit.o [4]
_main                   0x08000d67         Code  Gb  cmain.o [4]
capture                 0x20000004    0x2  Data  Gb  stm32f0xx_it.o [1]
exit                    0x08000d6f    0x8  Code  Gb  exit.o [3]
i                       0x20000020    0x4  Data  Gb  main.o [1]
i2                      0x20000028    0x4  Data  Gb  main.o [1]
i3                      0x20000030    0x4  Data  Gb  main.o [1]
index                   0x2000000c    0x4  Data  Gb  stm32f0xx_it.o [1]
index2                  0x20000014    0x4  Data  Gb  stm32f0xx_it.o [1]
index3                  0x2000001c    0x4  Data  Gb  stm32f0xx_it.o [1]
j                       0x20000024    0x4  Data  Gb  main.o [1]
j2                      0x2000002c    0x4  Data  Gb  main.o [1]
j3                      0x20000034    0x4  Data  Gb  main.o [1]
main                    0x08000379   0x56  Code  Gb  main.o [1]
next_state              0x20000000    0x1  Data  Gb  stm32f0xx_it.o [1]
next_state2             0x20000001    0x1  Data  Gb  stm32f0xx_it.o [1]
next_state3             0x20000002    0x1  Data  Gb  stm32f0xx_it.o [1]


[1] = H:\Project\GitHub\STM32F0\STM32F0308-Discovery_FW_V1.0.1\Projects\Peripheral_Examples\TIM_TimeBase\EWARM\TIM_TimeBase\Obj
[2] = command line
[3] = dl6M_tln.a
[4] = rt6M_tl.a
[5] = shb_l.a

  3 532 bytes of readonly  code memory
    120 bytes of readonly  data memory
  1 124 bytes of readwrite data memory

Errors: none
Warnings: none
